10 20 30 40 50 60 amo_test